
Running 1 test using 1 worker

찾은 제품 링크 개수: 12
선택한 제품 인덱스: 0, href: /us/tvs/lg-oled77g5wua-oled-4k-tv
제품 페이지로 이동: https://www.lg.com/us/tvs/lg-oled77g5wua-oled-4k-tv
시도중인 셀렉터: button:has-text("Add to Cart")
장바구니 API 감지: https://www.lg.com/us/common-mfe/api/cart/v3/items
성공적으로 클릭한 셀렉터: button:has-text("Add to Cart")
Add to Cart API status: [33m200[39m
✅ 장바구니 추가 성공! Cart ID: 333017, 아이템 수: 1
🎉 Add to Cart API 성공 확인 완료!
장바구니 아이템 수(또는 관련 엘리먼트 수): 0
  ✓  1 [chromium] › tests/lg-add-to-cart.spec.ts:13:7 › LG TVs — 랜덤 제품 선택 후 장바구니 추가 › visit tv list, pick random product, try add to cart (14.0s)

  1 passed (15.4s)

To open last HTML report run:
[36m[39m
[36m  npx playwright show-report[39m
[36m[39m
